-O extent,64bit
\n
100000+0 records in
100000+0 records out
102400000 bytes (102 MB, 98 MiB) copied, 0.467691 s, 219 MB/s
mke2fs 1.46.5 (30-Dec-2021)
Discarding device blocks:      0/100000             done                            
Creating filesystem with 100000 1k blocks and 24960 inodes
Filesystem UUID: ca424add-83eb-4fd5-b71e-4ffe22b64baf
Superblock backups stored on blocks: 
	8193, 24577, 40961, 57345, 73729

Allocating group tables:  0/13     done                            
Writing inode tables:  0/13     done                            
Creating journal (4096 blocks): done
Writing superblocks and filesystem accounting information:  0/13     done

e2fsck 1.46.5 (30-Dec-2021)
test.img: clean, 11/24960 files, 11925/100000 blocks
resize2fs 1.46.5 (30-Dec-2021)
Resizing the filesystem on test.img to 1536000 (1k) blocks.
The filesystem on test.img is now 1536000 (1k) blocks long.

e2fsck 1.46.5 (30-Dec-2021)
test.img: clean, 11/360960 files, 97565/1536000 blocks
-O extent,bigalloc
\n
100000+0 records in
100000+0 records out
102400000 bytes (102 MB, 98 MiB) copied, 0.465069 s, 220 MB/s
mke2fs 1.46.5 (30-Dec-2021)
Discarding device blocks:      0/100000             done                            
Creating filesystem with 100000 1k blocks and 6248 inodes

Allocating group tables: 0/1   done                            
Writing inode tables: 0/1   done                            
Creating journal (4096 blocks): done
Writing superblocks and filesystem accounting information: 0/1   done

e2fsck 1.46.5 (30-Dec-2021)
test.img: clean, 11/6248 files, 5792/100000 blocks
resize2fs 1.46.5 (30-Dec-2021)
Resizing the filesystem on test.img to 1536000 (1k) blocks.
The filesystem on test.img is now 1536000 (1k) blocks long.

e2fsck 1.46.5 (30-Dec-2021)
test.img contains a file system with errors, check forced.
Pass 1: Checking inodes, blocks, and sizes
Pass 2: Checking directory structure
Pass 3: Checking directory connectivity
Pass 4: Checking reference counts
Pass 5: Checking group summary information
Free blocks count wrong for group #11 (8192, counted=5888).
Fix? yes

Free blocks count wrong (1549152, counted=1512288).
Fix? yes


test.img: ***** FILE SYSTEM WAS MODIFIED *****
test.img: 11/74976 files (0.0% non-contiguous), 23712/1536000 blocks
-O inline_data -I 128
\n
100000+0 records in
100000+0 records out
102400000 bytes (102 MB, 98 MiB) copied, 0.457726 s, 224 MB/s
mke2fs 1.46.5 (30-Dec-2021)
mke2fs: 128 byte inodes are too small for inline data; specify larger size
e2fsck 1.46.5 (30-Dec-2021)
ext2fs_open2: Bad magic number in super-block
e2fsck: Superblock invalid, trying backup blocks...
e2fsck: Bad magic number in super-block while trying to open test.img

The superblock could not be read or does not describe a valid ext2/ext3/ext4
filesystem.  If the device is valid and it really contains an ext2/ext3/ext4
filesystem (and not swap or ufs or something else), then the superblock
is corrupt, and you might try running e2fsck with an alternate superblock:
    e2fsck -b 8193 <device>
 or
    e2fsck -b 32768 <device>

resize2fs 1.46.5 (30-Dec-2021)
resize2fs: Bad magic number in super-block while trying to open test.img
Couldn't find valid filesystem superblock.
e2fsck 1.46.5 (30-Dec-2021)
ext2fs_open2: Bad magic number in super-block
e2fsck: Superblock invalid, trying backup blocks...
e2fsck: Bad magic number in super-block while trying to open test.img

The superblock could not be read or does not describe a valid ext2/ext3/ext4
filesystem.  If the device is valid and it really contains an ext2/ext3/ext4
filesystem (and not swap or ufs or something else), then the superblock
is corrupt, and you might try running e2fsck with an alternate superblock:
    e2fsck -b 8193 <device>
 or
    e2fsck -b 32768 <device>

-O meta_bg,^resize_inode -r 1
\n
100000+0 records in
100000+0 records out
102400000 bytes (102 MB, 98 MiB) copied, 0.459322 s, 223 MB/s
mke2fs 1.46.5 (30-Dec-2021)
Discarding device blocks:      0/100000             done                            
Creating filesystem with 100000 1k blocks and 24960 inodes
Filesystem UUID: 78eb0ac4-8637-42e2-80c8-fe5063c75418
Superblock backups stored on blocks: 
	8193, 24577, 40961, 57345, 73729

Allocating group tables:  0/13     done                            
Writing inode tables:  0/13     done                            
Creating journal (4096 blocks): done
Writing superblocks and filesystem accounting information:  0/13     done

e2fsck 1.46.5 (30-Dec-2021)
test.img: clean, 11/24960 files, 10384/100000 blocks
resize2fs 1.46.5 (30-Dec-2021)
Resizing the filesystem on test.img to 1536000 (1k) blocks.
The filesystem on test.img is now 1536000 (1k) blocks long.

e2fsck 1.46.5 (30-Dec-2021)
test.img: clean, 11/360960 files, 94772/1536000 blocks
-O resize_inode,sparse_super
\n
100000+0 records in
100000+0 records out
102400000 bytes (102 MB, 98 MiB) copied, 0.419332 s, 244 MB/s
mke2fs 1.46.5 (30-Dec-2021)
Discarding device blocks:      0/100000             done                            
Creating filesystem with 100000 1k blocks and 24960 inodes
Filesystem UUID: 13df6939-033b-4bb4-8d23-0249c480aadf
Superblock backups stored on blocks: 
	8193, 24577, 40961, 57345, 73729

Allocating group tables:  0/13     done                            
Writing inode tables:  0/13     done                            
Creating journal (4096 blocks): done
Writing superblocks and filesystem accounting information:  0/13     done

e2fsck 1.46.5 (30-Dec-2021)
test.img: clean, 11/24960 files, 11925/100000 blocks
resize2fs 1.46.5 (30-Dec-2021)
Resizing the filesystem on test.img to 1536000 (1k) blocks.
The filesystem on test.img is now 1536000 (1k) blocks long.

e2fsck 1.46.5 (30-Dec-2021)
test.img: clean, 11/360960 files, 97565/1536000 blocks
-O resize_inode,64bit
\n
100000+0 records in
100000+0 records out
102400000 bytes (102 MB, 98 MiB) copied, 0.470291 s, 218 MB/s
mke2fs 1.46.5 (30-Dec-2021)
Discarding device blocks:      0/100000             done                            
Creating filesystem with 100000 1k blocks and 24960 inodes
Filesystem UUID: 6a44d5db-7f39-42db-8eb3-b50d7ae6fef7
Superblock backups stored on blocks: 
	8193, 24577, 40961, 57345, 73729

Allocating group tables:  0/13     done                            
Writing inode tables:  0/13     done                            
Creating journal (4096 blocks): done
Writing superblocks and filesystem accounting information:  0/13     done

e2fsck 1.46.5 (30-Dec-2021)
test.img: clean, 11/24960 files, 11925/100000 blocks
resize2fs 1.46.5 (30-Dec-2021)
Resizing the filesystem on test.img to 1536000 (1k) blocks.
The filesystem on test.img is now 1536000 (1k) blocks long.

e2fsck 1.46.5 (30-Dec-2021)
test.img: clean, 11/360960 files, 97565/1536000 blocks
-O 64bit ... 64
\n
100000+0 records in
100000+0 records out
102400000 bytes (102 MB, 98 MiB) copied, 0.466806 s, 219 MB/s
mke2fs 1.46.5 (30-Dec-2021)

Filesystem too small for a journal
Discarding device blocks:  0/64     done                            
Creating filesystem with 64 1k blocks and 8 inodes

Allocating group tables: 0/1   done                            
Writing inode tables: 0/1   done                            
ext2fs_write_inode_full: Illegal inode number while writing reserved inodes
e2fsck 1.46.5 (30-Dec-2021)
ext2fs_open2: Bad magic number in super-block
e2fsck: Superblock invalid, trying backup blocks...
e2fsck: Bad magic number in super-block while trying to open test.img

The superblock could not be read or does not describe a valid ext2/ext3/ext4
filesystem.  If the device is valid and it really contains an ext2/ext3/ext4
filesystem (and not swap or ufs or something else), then the superblock
is corrupt, and you might try running e2fsck with an alternate superblock:
    e2fsck -b 8193 <device>
 or
    e2fsck -b 32768 <device>

resize2fs 1.46.5 (30-Dec-2021)
resize2fs: Bad magic number in super-block while trying to open test.img
Couldn't find valid filesystem superblock.
e2fsck 1.46.5 (30-Dec-2021)
ext2fs_open2: Bad magic number in super-block
e2fsck: Superblock invalid, trying backup blocks...
e2fsck: Bad magic number in super-block while trying to open test.img

The superblock could not be read or does not describe a valid ext2/ext3/ext4
filesystem.  If the device is valid and it really contains an ext2/ext3/ext4
filesystem (and not swap or ufs or something else), then the superblock
is corrupt, and you might try running e2fsck with an alternate superblock:
    e2fsck -b 8193 <device>
 or
    e2fsck -b 32768 <device>

-O 64bit -b 4096
\n
100000+0 records in
100000+0 records out
102400000 bytes (102 MB, 98 MiB) copied, 0.423534 s, 242 MB/s
mke2fs 1.46.5 (30-Dec-2021)
Discarding device blocks:     0/25000           done                            
Creating filesystem with 25000 4k blocks and 25008 inodes

Allocating group tables: 0/1   done                            
Writing inode tables: 0/1   done                            
Creating journal (1024 blocks): done
Writing superblocks and filesystem accounting information: 0/1   done

e2fsck 1.46.5 (30-Dec-2021)
test.img: clean, 11/25008 files, 2609/25000 blocks
resize2fs 1.46.5 (30-Dec-2021)
Resizing the filesystem on test.img to 384000 (4k) blocks.
The filesystem on test.img is now 384000 (4k) blocks long.

e2fsck 1.46.5 (30-Dec-2021)
test.img: clean, 11/300096 files, 19894/384000 blocks
-O 64bit -i 5000
\n
100000+0 records in
100000+0 records out
102400000 bytes (102 MB, 98 MiB) copied, 0.478529 s, 214 MB/s
mke2fs 1.46.5 (30-Dec-2021)
Discarding device blocks:      0/100000             done                            
Creating filesystem with 100000 1k blocks and 20488 inodes
Filesystem UUID: b622187f-b92d-4377-a98c-dd87b43a9a33
Superblock backups stored on blocks: 
	8193, 24577, 40961, 57345, 73729

Allocating group tables:  0/13     done                            
Writing inode tables:  0/13     done                            
Creating journal (4096 blocks): done
Writing superblocks and filesystem accounting information:  0/13     done

e2fsck 1.46.5 (30-Dec-2021)
test.img: clean, 11/20488 files, 10807/100000 blocks
resize2fs 1.46.5 (30-Dec-2021)
Resizing the filesystem on test.img to 1536000 (1k) blocks.
The filesystem on test.img is now 1536000 (1k) blocks long.

e2fsck 1.46.5 (30-Dec-2021)
test.img: clean, 11/296288 files, 81397/1536000 blocks
-O 64bit -N 65536
\n
100000+0 records in
100000+0 records out
102400000 bytes (102 MB, 98 MiB) copied, 0.459887 s, 223 MB/s
mke2fs 1.46.5 (30-Dec-2021)
Discarding device blocks:      0/100000             done                            
Creating filesystem with 100000 1k blocks and 65520 inodes
Filesystem UUID: 407e4487-c550-49e3-a8a6-fb77cea2e057
Superblock backups stored on blocks: 
	8193, 24577, 40961, 57345, 73729

Allocating group tables:  0/13     done                            
Writing inode tables:  0/13     done                            
Creating journal (4096 blocks): done
Writing superblocks and filesystem accounting information:  0/13     done

e2fsck 1.46.5 (30-Dec-2021)
test.img: clean, 11/65520 files, 22065/100000 blocks
resize2fs 1.46.5 (30-Dec-2021)
Resizing the filesystem on test.img to 1536000 (1k) blocks.
The filesystem on test.img is now 1536000 (1k) blocks long.

e2fsck 1.46.5 (30-Dec-2021)
test.img: clean, 11/947520 files, 244205/1536000 blocks
-O bigalloc -b 4096
\n
100000+0 records in
100000+0 records out
102400000 bytes (102 MB, 98 MiB) copied, 0.420755 s, 243 MB/s
mke2fs 1.46.5 (30-Dec-2021)
Discarding device blocks:     0/24992           done                            
Creating filesystem with 24992 4k blocks and 1568 inodes

Allocating group tables: 0/1   done                            
Writing inode tables: 0/1   done                            
Creating journal (1024 blocks): done
Writing superblocks and filesystem accounting information: 0/1   done

e2fsck 1.46.5 (30-Dec-2021)
test.img: clean, 11/1568 files, 1216/24992 blocks
resize2fs 1.46.5 (30-Dec-2021)
Resizing the filesystem on test.img to 384000 (4k) blocks.
The filesystem on test.img is now 384000 (4k) blocks long.

e2fsck 1.46.5 (30-Dec-2021)
test.img contains a file system with errors, check forced.
Pass 1: Checking inodes, blocks, and sizes
Pass 2: Checking directory structure
Pass 3: Checking directory connectivity
Pass 4: Checking reference counts
Pass 5: Checking group summary information
Free blocks count wrong for group #0 (32692, counted=23924).
Fix? yes

Free blocks count wrong (523072, counted=382784).
Fix? yes


test.img: ***** FILE SYSTEM WAS MODIFIED *****
test.img: 11/1568 files (0.0% non-contiguous), 1216/384000 blocks
-O bigalloc -C 16384
\n
100000+0 records in
100000+0 records out
102400000 bytes (102 MB, 98 MiB) copied, 0.446644 s, 229 MB/s
mke2fs 1.46.5 (30-Dec-2021)
Discarding device blocks:      0/100000             done                            
Creating filesystem with 100000 1k blocks and 6248 inodes

Allocating group tables: 0/1   done                            
Writing inode tables: 0/1   done                            
Creating journal (4096 blocks): done
Writing superblocks and filesystem accounting information: 0/1   done

e2fsck 1.46.5 (30-Dec-2021)
test.img: clean, 11/6248 files, 5792/100000 blocks
resize2fs 1.46.5 (30-Dec-2021)
Resizing the filesystem on test.img to 1536000 (1k) blocks.
The filesystem on test.img is now 1536000 (1k) blocks long.

e2fsck 1.46.5 (30-Dec-2021)
test.img contains a file system with errors, check forced.
Pass 1: Checking inodes, blocks, and sizes
Pass 2: Checking directory structure
Pass 3: Checking directory connectivity
Pass 4: Checking reference counts
Pass 5: Checking group summary information
Free blocks count wrong for group #11 (8192, counted=5888).
Fix? yes

Free blocks count wrong (1549152, counted=1512288).
Fix? yes


test.img: ***** FILE SYSTEM WAS MODIFIED *****
test.img: 11/74976 files (0.0% non-contiguous), 23712/1536000 blocks
-O flex_bg -G 512
\n
100000+0 records in
100000+0 records out
102400000 bytes (102 MB, 98 MiB) copied, 0.463569 s, 221 MB/s
mke2fs 1.46.5 (30-Dec-2021)
Discarding device blocks:      0/100000             done                            
Creating filesystem with 100000 1k blocks and 24960 inodes
Filesystem UUID: 6cd69829-9064-479c-a1a9-71773b3da157
Superblock backups stored on blocks: 
	8193, 24577, 40961, 57345, 73729

Allocating group tables:  0/13     done                            
Writing inode tables:  0/13     done                            
Creating journal (4096 blocks): done
Writing superblocks and filesystem accounting information:  0/13     done

e2fsck 1.46.5 (30-Dec-2021)
test.img: clean, 11/24960 files, 11925/100000 blocks
resize2fs 1.46.5 (30-Dec-2021)
Resizing the filesystem on test.img to 1536000 (1k) blocks.
The filesystem on test.img is now 1536000 (1k) blocks long.

e2fsck 1.46.5 (30-Dec-2021)
test.img: clean, 11/360960 files, 97565/1536000 blocks
-O bigalloc -b 4096 -C 16384
\n
100000+0 records in
100000+0 records out
102400000 bytes (102 MB, 98 MiB) copied, 0.452733 s, 226 MB/s
mke2fs 1.46.5 (30-Dec-2021)
Discarding device blocks:     0/25000           done                            
Creating filesystem with 25000 4k blocks and 6256 inodes

Allocating group tables: 0/1   done                            
Writing inode tables: 0/1   done                            
Creating journal (1024 blocks): done
Writing superblocks and filesystem accounting information: 0/1   done

e2fsck 1.46.5 (30-Dec-2021)
test.img: clean, 11/6256 files, 1440/25000 blocks
resize2fs 1.46.5 (30-Dec-2021)
Resizing the filesystem on test.img to 384000 (4k) blocks.
The filesystem on test.img is now 384000 (4k) blocks long.

e2fsck 1.46.5 (30-Dec-2021)
test.img contains a file system with errors, check forced.
Pass 1: Checking inodes, blocks, and sizes
Pass 2: Checking directory structure
Pass 3: Checking directory connectivity
Pass 4: Checking reference counts
Pass 5: Checking group summary information
Free blocks count wrong for group #2 (32768, counted=30464).
Fix? yes

Free blocks count wrong (390968, counted=381752).
Fix? yes


test.img: ***** FILE SYSTEM WAS MODIFIED *****
test.img: 11/18768 files (9.1% non-contiguous), 2248/384000 blocks
-b 4096 ... 64
\n
100000+0 records in
100000+0 records out
102400000 bytes (102 MB, 98 MiB) copied, 0.469947 s, 218 MB/s
mke2fs 1.46.5 (30-Dec-2021)

Filesystem too small for a journal
Discarding device blocks:  0/64     done                            
Creating filesystem with 64 4k blocks and 32 inodes

Allocating group tables: 0/1   done                            
Writing inode tables: 0/1   done                            
Writing superblocks and filesystem accounting information: 0/1   done

e2fsck 1.46.5 (30-Dec-2021)
test.img: clean, 11/32 files, 12/64 blocks
resize2fs 1.46.5 (30-Dec-2021)
Resizing the filesystem on test.img to 384000 (4k) blocks.
The filesystem on test.img is now 384000 (4k) blocks long.

e2fsck 1.46.5 (30-Dec-2021)
test.img: clean, 11/384 files, 66/384000 blocks
-b 4096 -i 5000
\n
100000+0 records in
100000+0 records out
102400000 bytes (102 MB, 98 MiB) copied, 0.432368 s, 237 MB/s
mke2fs 1.46.5 (30-Dec-2021)
Discarding device blocks:     0/25000           done                            
Creating filesystem with 25000 4k blocks and 20480 inodes

Allocating group tables: 0/1   done                            
Writing inode tables: 0/1   done                            
Creating journal (1024 blocks): done
Writing superblocks and filesystem accounting information: 0/1   done

e2fsck 1.46.5 (30-Dec-2021)
test.img: clean, 11/20480 files, 2326/25000 blocks
resize2fs 1.46.5 (30-Dec-2021)
Resizing the filesystem on test.img to 384000 (4k) blocks.
The filesystem on test.img is now 384000 (4k) blocks long.

e2fsck 1.46.5 (30-Dec-2021)
test.img: clean, 11/245760 files, 16498/384000 blocks
-b 4096 -I 128
\n
100000+0 records in
100000+0 records out
102400000 bytes (102 MB, 98 MiB) copied, 0.419807 s, 244 MB/s
mke2fs 1.46.5 (30-Dec-2021)
128-byte inodes cannot handle dates beyond 2038 and are deprecated
Discarding device blocks:     0/25000           done                            
Creating filesystem with 25000 4k blocks and 25024 inodes

Allocating group tables: 0/1   done                            
Writing inode tables: 0/1   done                            
Creating journal (1024 blocks): done
Writing superblocks and filesystem accounting information: 0/1   done

e2fsck 1.46.5 (30-Dec-2021)
test.img: clean, 11/25024 files, 1828/25000 blocks
resize2fs 1.46.5 (30-Dec-2021)
Resizing the filesystem on test.img to 384000 (4k) blocks.
The filesystem on test.img is now 384000 (4k) blocks long.

e2fsck 1.46.5 (30-Dec-2021)
test.img: clean, 11/300288 files, 10522/384000 blocks
-b 4096 -N 32
\n
100000+0 records in
100000+0 records out
102400000 bytes (102 MB, 98 MiB) copied, 0.45764 s, 224 MB/s
mke2fs 1.46.5 (30-Dec-2021)
Discarding device blocks:     0/25000           done                            
Creating filesystem with 25000 4k blocks and 32 inodes

Allocating group tables: 0/1   done                            
Writing inode tables: 0/1   done                            
Creating journal (1024 blocks): done
Writing superblocks and filesystem accounting information: 0/1   done

e2fsck 1.46.5 (30-Dec-2021)
test.img: clean, 11/32 files, 1048/25000 blocks
resize2fs 1.46.5 (30-Dec-2021)
Resizing the filesystem on test.img to 384000 (4k) blocks.
The filesystem on test.img is now 384000 (4k) blocks long.

e2fsck 1.46.5 (30-Dec-2021)
test.img: clean, 11/384 files, 1162/384000 blocks
-b 4096 -r 1
\n
100000+0 records in
100000+0 records out
102400000 bytes (102 MB, 98 MiB) copied, 0.458039 s, 224 MB/s
mke2fs 1.46.5 (30-Dec-2021)
Discarding device blocks:     0/25000           done                            
Creating filesystem with 25000 4k blocks and 25008 inodes

Allocating group tables: 0/1   done                            
Writing inode tables: 0/1   done                            
Creating journal (1024 blocks): done
Writing superblocks and filesystem accounting information: 0/1   done

e2fsck 1.46.5 (30-Dec-2021)
test.img: clean, 11/25008 files, 2609/25000 blocks
resize2fs 1.46.5 (30-Dec-2021)
Resizing the filesystem on test.img to 384000 (4k) blocks.
The filesystem on test.img is now 384000 (4k) blocks long.

e2fsck 1.46.5 (30-Dec-2021)
test.img: clean, 11/300096 files, 19894/384000 blocks
-O journal_dev -m 50
\n
100000+0 records in
100000+0 records out
102400000 bytes (102 MB, 98 MiB) copied, 0.454964 s, 225 MB/s
mke2fs 1.46.5 (30-Dec-2021)
Discarding device blocks:      0/100000             done                            
Creating filesystem with 100000 1k blocks and 0 inodes
Filesystem UUID: 4b60f8a3-40f4-4b05-9d92-4f2939a17069
Superblock backups stored on blocks: 

Zeroing journal device:   1024/100000             
e2fsck 1.46.5 (30-Dec-2021)
e2fsck: Filesystem has unsupported feature(s) while trying to open test.img

The superblock could not be read or does not describe a valid ext2/ext3/ext4
filesystem.  If the device is valid and it really contains an ext2/ext3/ext4
filesystem (and not swap or ufs or something else), then the superblock
is corrupt, and you might try running e2fsck with an alternate superblock:
    e2fsck -b 8193 <device>
 or
    e2fsck -b 32768 <device>

resize2fs 1.46.5 (30-Dec-2021)
resize2fs: Filesystem has unsupported feature(s) while trying to open test.img
Couldn't find valid filesystem superblock.
e2fsck 1.46.5 (30-Dec-2021)
e2fsck: Filesystem has unsupported feature(s) while trying to open test.img

The superblock could not be read or does not describe a valid ext2/ext3/ext4
filesystem.  If the device is valid and it really contains an ext2/ext3/ext4
filesystem (and not swap or ufs or something else), then the superblock
is corrupt, and you might try running e2fsck with an alternate superblock:
    e2fsck -b 8193 <device>
 or
    e2fsck -b 32768 <device>

-O meta_bg,resize_inode
\n
100000+0 records in
100000+0 records out
102400000 bytes (102 MB, 98 MiB) copied, 0.456854 s, 224 MB/s
mke2fs 1.46.5 (30-Dec-2021)
The resize_inode and meta_bg features are not compatible.
They can not be both enabled simultaneously.
e2fsck 1.46.5 (30-Dec-2021)
ext2fs_open2: Bad magic number in super-block
e2fsck: Superblock invalid, trying backup blocks...
e2fsck: Bad magic number in super-block while trying to open test.img

The superblock could not be read or does not describe a valid ext2/ext3/ext4
filesystem.  If the device is valid and it really contains an ext2/ext3/ext4
filesystem (and not swap or ufs or something else), then the superblock
is corrupt, and you might try running e2fsck with an alternate superblock:
    e2fsck -b 8193 <device>
 or
    e2fsck -b 32768 <device>

resize2fs 1.46.5 (30-Dec-2021)
resize2fs: Bad magic number in super-block while trying to open test.img
Couldn't find valid filesystem superblock.
e2fsck 1.46.5 (30-Dec-2021)
ext2fs_open2: Bad magic number in super-block
e2fsck: Superblock invalid, trying backup blocks...
e2fsck: Bad magic number in super-block while trying to open test.img

The superblock could not be read or does not describe a valid ext2/ext3/ext4
filesystem.  If the device is valid and it really contains an ext2/ext3/ext4
filesystem (and not swap or ufs or something else), then the superblock
is corrupt, and you might try running e2fsck with an alternate superblock:
    e2fsck -b 8193 <device>
 or
    e2fsck -b 32768 <device>

-O uninit_bg,metadata_csum
\n
100000+0 records in
100000+0 records out
102400000 bytes (102 MB, 98 MiB) copied, 0.42783 s, 239 MB/s
mke2fs 1.46.5 (30-Dec-2021)
Discarding device blocks:      0/100000             done                            
Creating filesystem with 100000 1k blocks and 24960 inodes
Filesystem UUID: 532583b1-d539-4d9f-b13c-f5efc22e2956
Superblock backups stored on blocks: 
	8193, 24577, 40961, 57345, 73729

Allocating group tables:  0/13     done                            
Writing inode tables:  0/13     done                            
Creating journal (4096 blocks): done
Writing superblocks and filesystem accounting information:  0/13     done

e2fsck 1.46.5 (30-Dec-2021)
test.img: clean, 11/24960 files, 11925/100000 blocks
resize2fs 1.46.5 (30-Dec-2021)
Resizing the filesystem on test.img to 1536000 (1k) blocks.
The filesystem on test.img is now 1536000 (1k) blocks long.

e2fsck 1.46.5 (30-Dec-2021)
test.img: clean, 11/360960 files, 97565/1536000 blocks
-O metadata_csum,metadata_csum_seed
\n
100000+0 records in
100000+0 records out
102400000 bytes (102 MB, 98 MiB) copied, 0.426363 s, 240 MB/s
mke2fs 1.46.5 (30-Dec-2021)
Discarding device blocks:      0/100000             done                            
Creating filesystem with 100000 1k blocks and 24960 inodes
Filesystem UUID: 8b42bdad-905e-44e9-88ff-2acb9b72d1a7
Superblock backups stored on blocks: 
	8193, 24577, 40961, 57345, 73729

Allocating group tables:  0/13     done                            
Writing inode tables:  0/13     done                            
Creating journal (4096 blocks): done
Writing superblocks and filesystem accounting information:  0/13     done

e2fsck 1.46.5 (30-Dec-2021)
test.img: clean, 11/24960 files, 11925/100000 blocks
resize2fs 1.46.5 (30-Dec-2021)
Resizing the filesystem on test.img to 1536000 (1k) blocks.
The filesystem on test.img is now 1536000 (1k) blocks long.

e2fsck 1.46.5 (30-Dec-2021)
test.img: clean, 11/360960 files, 97565/1536000 blocks
-O metadata_csum,^metadata_csum_seed
\n
100000+0 records in
100000+0 records out
102400000 bytes (102 MB, 98 MiB) copied, 0.441308 s, 232 MB/s
mke2fs 1.46.5 (30-Dec-2021)
Discarding device blocks:      0/100000             done                            
Creating filesystem with 100000 1k blocks and 24960 inodes
Filesystem UUID: bef924d2-107d-475e-b31f-717bf72656e5
Superblock backups stored on blocks: 
	8193, 24577, 40961, 57345, 73729

Allocating group tables:  0/13     done                            
Writing inode tables:  0/13     done                            
Creating journal (4096 blocks): done
Writing superblocks and filesystem accounting information:  0/13     done

e2fsck 1.46.5 (30-Dec-2021)
test.img: clean, 11/24960 files, 11925/100000 blocks
resize2fs 1.46.5 (30-Dec-2021)
Resizing the filesystem on test.img to 1536000 (1k) blocks.
The filesystem on test.img is now 1536000 (1k) blocks long.

e2fsck 1.46.5 (30-Dec-2021)
test.img: clean, 11/360960 files, 97565/1536000 blocks
-O meta_bg,^resize_inode -r 1
\n
100000+0 records in
100000+0 records out
102400000 bytes (102 MB, 98 MiB) copied, 0.45971 s, 223 MB/s
mke2fs 1.46.5 (30-Dec-2021)
Discarding device blocks:      0/100000             done                            
Creating filesystem with 100000 1k blocks and 24960 inodes
Filesystem UUID: ce1e8475-44b6-4b75-9b0c-86d101cff946
Superblock backups stored on blocks: 
	8193, 24577, 40961, 57345, 73729

Allocating group tables:  0/13     done                            
Writing inode tables:  0/13     done                            
Creating journal (4096 blocks): done
Writing superblocks and filesystem accounting information:  0/13     done

e2fsck 1.46.5 (30-Dec-2021)
test.img: clean, 11/24960 files, 10384/100000 blocks
resize2fs 1.46.5 (30-Dec-2021)
Resizing the filesystem on test.img to 1536000 (1k) blocks.
The filesystem on test.img is now 1536000 (1k) blocks long.

e2fsck 1.46.5 (30-Dec-2021)
test.img: clean, 11/360960 files, 94772/1536000 blocks
-O ^metadata_csum,metadata_csum_seed
\n
100000+0 records in
100000+0 records out
102400000 bytes (102 MB, 98 MiB) copied, 0.434568 s, 236 MB/s
mke2fs 1.46.5 (30-Dec-2021)
The metadata_csum_seed feature requires the metadata_csum feature.
e2fsck 1.46.5 (30-Dec-2021)
ext2fs_open2: Bad magic number in super-block
e2fsck: Superblock invalid, trying backup blocks...
e2fsck: Bad magic number in super-block while trying to open test.img

The superblock could not be read or does not describe a valid ext2/ext3/ext4
filesystem.  If the device is valid and it really contains an ext2/ext3/ext4
filesystem (and not swap or ufs or something else), then the superblock
is corrupt, and you might try running e2fsck with an alternate superblock:
    e2fsck -b 8193 <device>
 or
    e2fsck -b 32768 <device>

resize2fs 1.46.5 (30-Dec-2021)
resize2fs: Bad magic number in super-block while trying to open test.img
Couldn't find valid filesystem superblock.
e2fsck 1.46.5 (30-Dec-2021)
ext2fs_open2: Bad magic number in super-block
e2fsck: Superblock invalid, trying backup blocks...
e2fsck: Bad magic number in super-block while trying to open test.img

The superblock could not be read or does not describe a valid ext2/ext3/ext4
filesystem.  If the device is valid and it really contains an ext2/ext3/ext4
filesystem (and not swap or ufs or something else), then the superblock
is corrupt, and you might try running e2fsck with an alternate superblock:
    e2fsck -b 8193 <device>
 or
    e2fsck -b 32768 <device>

